2026/02/16 14:03:04 INFO No .env file found, reading from system environment variables
2026/02/16 14:03:04 INFO Database schema migrated successfully (Ent)
2026/02/16 14:03:04 INFO Database connected successfully
2026/02/16 14:03:04 INFO Connected to Redis addr=localhost:6379
2026/02/16 14:03:04 Warning: Failed to create bucket test-public-bucket: operation error S3: CreateBucket, https response error StatusCode: 409, RequestID: , HostID: , BucketAlreadyOwnedByYou: Your previous request to create the named bucket succeeded and you already own it.
2026/02/16 14:03:04 Warning: Failed to create bucket test-private-bucket: operation error S3: CreateBucket, https response error StatusCode: 409, RequestID: , HostID: , BucketAlreadyOwnedByYou: Your previous request to create the named bucket succeeded and you already own it.
=== RUN   TestAdminDashboard
=== RUN   TestAdminDashboard/Delete_Report_-_Admin_Success
time=2026-02-16T14:03:04.425+07:00 level=WARN msg="405: Method Not Allowed" request.time=2026-02-16T07:03:04.425Z request.method=DELETE request.host="" request.path=/api/admin/reports/019c6542-85e9-76b2-8782-4efb67c58d68 request.query="" request.params=map[*:] request.route=/api/* request.ip="" request.referer="" request.length=0 response.time=2026-02-16T07:03:04.425Z response.latency=0s response.status=405 response.length=31 id=""
    admin_test.go:573: 
        	Error Trace:	C:/Users/Adminisatire/GolandProjects/AtoiTalkAPI/test/admin_test.go:573
        	Error:      	Not equal: 
        	            	expected: 200
        	            	actual  : 405
        	Test:       	TestAdminDashboard/Delete_Report_-_Admin_Success
    admin_test.go:576: 
        	Error Trace:	C:/Users/Adminisatire/GolandProjects/AtoiTalkAPI/test/admin_test.go:576
        	Error:      	Should be false
        	Test:       	TestAdminDashboard/Delete_Report_-_Admin_Success
=== RUN   TestAdminDashboard/Delete_Report_-_User_Forbidden
time=2026-02-16T14:03:04.427+07:00 level=WARN msg="405: Method Not Allowed" request.time=2026-02-16T07:03:04.427Z request.method=DELETE request.host="" request.path=/api/admin/reports/019c6542-85eb-7065-babf-a50bc27d6098 request.query="" request.params=map[*:] request.route=/api/* request.ip="" request.referer="" request.length=0 response.time=2026-02-16T07:03:04.427Z response.latency=0s response.status=405 response.length=31 id=""
    admin_test.go:591: 
        	Error Trace:	C:/Users/Adminisatire/GolandProjects/AtoiTalkAPI/test/admin_test.go:591
        	Error:      	Not equal: 
        	            	expected: 403
        	            	actual  : 405
        	Test:       	TestAdminDashboard/Delete_Report_-_User_Forbidden
=== RUN   TestAdminDashboard/Delete_Report_-_Not_Found
time=2026-02-16T14:03:04.427+07:00 level=WARN msg="405: Method Not Allowed" request.time=2026-02-16T07:03:04.427Z request.method=DELETE request.host="" request.path=/api/admin/reports/1bc5a0c6-bff5-442d-956f-6333ba2d9e58 request.query="" request.params=map[*:] request.route=/api/* request.ip="" request.referer="" request.length=0 response.time=2026-02-16T07:03:04.427Z response.latency=0s response.status=405 response.length=31 id=""
    admin_test.go:602: 
        	Error Trace:	C:/Users/Adminisatire/GolandProjects/AtoiTalkAPI/test/admin_test.go:602
        	Error:      	Not equal: 
        	            	expected: 404
        	            	actual  : 405
        	Test:       	TestAdminDashboard/Delete_Report_-_Not_Found
--- FAIL: TestAdminDashboard (0.22s)
    --- FAIL: TestAdminDashboard/Delete_Report_-_Admin_Success (0.00s)
    --- FAIL: TestAdminDashboard/Delete_Report_-_User_Forbidden (0.00s)
    --- FAIL: TestAdminDashboard/Delete_Report_-_Not_Found (0.00s)
FAIL
FAIL	AtoiTalkAPI/test	0.520s
FAIL
